Tests running in interp:  /tmp/tcl-test-3151517338/tcltest
Tests located in:  /tmp/tcl-test-3151517338
Tests running in:  /tmp/tcl-test-3151517338
Temporary files stored in /tmp/tcl-test-3151517338
Test files run in separate interpreters
Running tests that match:  *
Skipping test files that match:  chan.test chanio.test clock.test cmdAH.test event.test exec.test fCmd.test fileName.test fileSystem.test http11.test info.test io.test ioCmd.test main.test socket.test tcltest.test unixFCmd.test unixInit.test zlib.test
Only running test files that match:  *.test
Tests began at Tue Dec 07 18:37:13 CET 2021
aaa_exit.test
append.test
appendComp.test
apply.test
assemble.test
assocd.test
async.test
autoMkindex.test
basic.test
binary.test
case.test
cmdIL.test
cmdInfo.test
cmdMZ.test
compExpr-old.test
compExpr.test
compile.test
concat.test
config.test
coroutine.test
dcall.test
dict.test
dstring.test
encoding.test
env.test
error.test
eval.test
execute.test
expr-old.test
expr.test
fileSystemEncoding.test
for-old.test
for.test
foreach.test
format.test
get.test
history.test
http.test
Cannot start http server, http test skipped
httpPipeline.test
httpold.test
Cannot start http server, http test skipped
if-old.test
if.test
incr-old.test
incr.test
indexObj.test
init.test
interp.test
ioTrans.test
iogt.test
join.test
lindex.test
link.test
linsert.test
list.test
listObj.test
llength.test
lmap.test
load.test
lrange.test
lrepeat.test
lreplace.test
lsearch.test
lset.test
lsetComp.test
macOSXFCmd.test
macOSXLoad.test
mathop.test
misc.test
msgcat.test
namespace-old.test
namespace.test
notify.test
nre.test
obj.test
oo.test
ooNext2.test
opt.test
package.test
parse.test
parseExpr.test
parseOld.test
pid.test
pkgMkIndex.test
platform.test
proc-old.test
proc.test
pwd.test
reg.test
regexp.test
regexpComp.test
registry.test
rename.test
resolver.test
result.test
safe-stock.test
safe.test
scan.test
security.test
set-old.test
set.test
source.test
split.test
stack.test
string.test
stringComp.test
stringObj.test
subst.test
switch.test
tailcall.test
thread.test
timer.test
tm.test
trace.test
unixFile.test
unixForkEvent.test
unixNotfy.test
unknown.test
unload.test
uplevel.test
upvar.test
utf.test
util.test
var.test
while-old.test
while.test
winConsole.test
winDde.test
winFCmd.test
winFile.test
winNotify.test
winPipe.test
winTime.test

Tests ended at Tue Dec 07 18:38:08 CET 2021
all.tcl:	Total	21379	Passed	18295	Skipped	3084	Failed	0
Sourced 132 Test Files.
Number of tests skipped for each constraint:
	9	!ieeeFloatingPoint
	76	bigEndian
	5	bug-3057639
	49	dde
	33	emptyTest
	58	fullutf
	2	hasIsoLocale
	1	knownBadTest
	35	knownBug
	100	localeRegexp
	52	longIs32bit
	14	macosxFileAttr
	82	memory
	5	nonPortable
	4	nt
	1	pairsTo4bytes
	19	pkgaRequired
	20	pkguaRequired
	2	pre388
	1996	serverNeeded
	1	testCPUID
	1	testWithLimit
	1	testexprparser && !ieeeFloatingPoint
	1	testwinclock
	88	thread
	3	threaded
	21	ucs4
	16	utf16
	2	wideBiggerThanInt
	383	win
	4	winVista
