Tests running in interp:  /tmp/tcl-test-2610698436/tcltest
Tests located in:  /tmp/tcl-test-2610698436
Tests running in:  /tmp/tcl-test-2610698436
Temporary files stored in /tmp/tcl-test-2610698436
Test files run in separate interpreters
Skipping tests that match:  Tcl_Main-1.3 Tcl_Main-1.4 Tcl_Main-1.5 Tcl_Main-1.6 chan-16.9 chan-io-28.7 chan-io-29.34 chan-io-29.35 chan-io-39.18 chan-io-39.19 chan-io-39.20 chan-io-39.21 chan-io-39.23 chan-io-39.24 chan-io-51.1 chan-io-53.10 chan-io-53.5 chan-io-54.1 chan-io-54.2 chan-io-57.1 chan-io-57.2 event-11.5 fCmd-9.4.b http11-1.0 http11-1.1 http11-1.10 http11-1.11 http11-1.12 http11-1.13 http11-1.2 http11-1.3 http11-1.4 http11-1.5 http11-1.6 http11-1.7 http11-1.8 http11-1.9 http11-2.0 http11-2.1 http11-2.10 http11-2.11 http11-2.12 http11-2.2 http11-2.3 http11-2.4 http11-2.4.1 http11-2.5 http11-2.6 http11-2.7 http11-2.8 http11-2.9 http11-3.0 http11-3.1 http11-3.2 http11-3.3 http11-3.4 http11-3.5 http11-3.6 http11-3.7 http11-3.8 http11-3.9 http11-4.0 http11-4.1 http11-4.2 http11-4.3 io-29.34 io-29.35 io-39.18 io-39.19 io-39.20 io-39.21 io-39.23 io-39.24 io-51.1 io-53.10 io-53.5 io-54.1 io-54.2 io-57.1 io-57.2 iocmd-8.15.1 iocmd-8.16 unixFCmd-2.4 unixInit-1.2 zlib-10.0 zlib-10.1 zlib-10.2 zlib-8.3 zlib-9.10 zlib-9.11 zlib-9.2 zlib-9.3 zlib-9.4 zlib-9.5 zlib-9.6 zlib-9.7 zlib-9.8 zlib-9.9
Running tests that match:  *
Skipping test files that match:  socket.test
Only running test files that match:  *.test
Tests began at Mon Jan 17 18:46:39 CET 2022
aaa_exit.test
append.test
appendComp.test
apply.test
assemble.test
assocd.test
async.test
autoMkindex.test
basic.test
binary.test
case.test
chan.test
chanio.test
clock.test
cmdAH.test
cmdIL.test
cmdInfo.test
cmdMZ.test
compExpr-old.test
compExpr.test
compile.test
concat.test
config.test
coroutine.test
dcall.test
dict.test
dstring.test
encoding.test
Warning: files left behind:
	encoding.test:	euc-jp.euc-jp.tcltestout
env.test
error.test
eval.test
event.test
exec.test
execute.test
expr-old.test
expr.test
fCmd.test
fileName.test
fileSystem.test
fileSystemEncoding.test
for-old.test
for.test
foreach.test
format.test
get.test
history.test
http.test
Cannot start http server, http test skipped
http11.test
httpPipeline.test
httpold.test
Cannot start http server, http test skipped
if-old.test
if.test
incr-old.test
incr.test
indexObj.test
info.test
init.test
interp.test
io.test
ioCmd.test
ioTrans.test
iogt.test
join.test
lindex.test
link.test
linsert.test
list.test
listObj.test
llength.test
lmap.test
load.test
lrange.test
lrepeat.test
lreplace.test
lsearch.test
lset.test
lsetComp.test
macOSXFCmd.test
macOSXLoad.test
main.test
mathop.test
misc.test
msgcat.test
namespace-old.test
namespace.test
notify.test
nre.test
obj.test
oo.test
ooNext2.test
opt.test
package.test
parse.test
parseExpr.test
parseOld.test
pid.test
pkgMkIndex.test
platform.test
proc-old.test
proc.test
pwd.test
reg.test
regexp.test
regexpComp.test
registry.test
rename.test
resolver.test
result.test
safe-stock.test
safe.test
scan.test
security.test
set-old.test
set.test
source.test
split.test
stack.test
string.test
stringComp.test
stringObj.test
subst.test
switch.test
tailcall.test
tcltest.test
thread.test
timer.test
tm.test
trace.test
unixFCmd.test
unixFile.test
unixForkEvent.test
unixInit.test
unixNotfy.test
unknown.test
unload.test
uplevel.test
upvar.test
utf.test
util.test
var.test
while-old.test
while.test
winConsole.test
winDde.test
winFCmd.test
winFile.test
winNotify.test
winPipe.test
winTime.test
zlib.test

Tests ended at Mon Jan 17 18:51:08 CET 2022
all.tcl:	Total	33700	Passed	30205	Skipped	3495	Failed	0
Sourced 150 Test Files.
Number of tests skipped for each constraint:
	9	!ieeeFloatingPoint
	3	asyncPipeChan
	76	bigEndian
	5	bug-3057639
	49	dde
	4	dontCopyLinks
	64	emptyTest
	58	fullutf
	2	hasIsoLocale
	1	knownBadTest
	40	knownBug
	100	localeRegexp
	52	longIs32bit
	14	macosxFileAttr
	82	memory
	44	nonPortable
	5	notNetworkFilesystem
	1	notValgrind
	4	nt
	1	pairsTo4bytes
	19	pkgaRequired
	20	pkguaRequired
	2	pre388
	1996	serverNeeded
	1	testCPUID
	1	testWithLimit
	1	testexprparser && !ieeeFloatingPoint
	1	testwinclock
	187	thread
	3	threaded
	21	ucs4
	16	utf16
	2	wideBiggerThanInt
	491	win
	1	winLessThan10
	4	winVista
	6	xdev
