Tests running in interp:  /tmp/tcl-test-3833598612/tcltest
Tests located in:  /tmp/tcl-test-3833598612
Tests running in:  /tmp/tcl-test-3833598612
Temporary files stored in /tmp/tcl-test-3833598612
Test files run in separate interpreters
Skipping tests that match:  encoding-16.3 socket_inet-2.13
Running tests that match:  *
Only running test files that match:  *.test
Tests began at Fri Apr 29 10:18:29 UTC 2022
aaa_exit.test
append.test
appendComp.test
apply.test
assemble.test
assocd.test
async.test
autoMkindex.test
basic.test
binary.test
case.test
chan.test
chanio.test
clock.test
cmdAH.test
cmdIL.test
WARNING: testWithLimit: wrong limit, result: list creation failed: unable to alloc 32000016 bytes
cmdInfo.test
cmdMZ.test
compExpr-old.test
compExpr.test
compile.test
concat.test
config.test
coroutine.test
dcall.test
dict.test
dstring.test
encoding.test
env.test
error.test
eval.test
event.test
exec.test
execute.test
expr-old.test
expr.test
fCmd.test
fileName.test
fileSystem.test
fileSystemEncoding.test
for-old.test
for.test
foreach.test
format.test
get.test
history.test
http.test
http11.test
httpPipeline.test
httpold.test
if-old.test
if.test
incr-old.test
incr.test
indexObj.test
info.test
init.test
interp.test
io.test
ioCmd.test
ioTrans.test
iogt.test
join.test
lindex.test
link.test
linsert.test
list.test
listObj.test
llength.test
lmap.test
load.test
lrange.test
lrepeat.test
lreplace.test
lsearch.test
lset.test
lsetComp.test
macOSXFCmd.test
macOSXLoad.test
main.test
mathop.test
misc.test
msgcat.test
namespace-old.test
namespace.test
notify.test
nre.test
obj.test
oo.test
ooNext2.test
opt.test
package.test
parse.test
parseExpr.test
parseOld.test
pid.test
pkgMkIndex.test
platform.test
proc-old.test
proc.test
pwd.test
reg.test
regexp.test
regexpComp.test
registry.test
rename.test
resolver.test
result.test
safe-stock.test
safe.test
scan.test
security.test
set-old.test
set.test
socket.test
source.test
split.test
stack.test
string.test
stringComp.test
stringObj.test
subst.test
switch.test
tailcall.test
tcltest.test
thread.test
timer.test
tm.test
trace.test
unixFCmd.test
unixFile.test
unixForkEvent.test
unixInit.test
unixNotfy.test
unknown.test
unload.test
uplevel.test
upvar.test
utf.test
util.test
var.test
while-old.test
while.test
winConsole.test
winDde.test
winFCmd.test
winFile.test
winNotify.test
winPipe.test
winTime.test
zlib.test

Tests ended at Fri Apr 29 10:22:16 UTC 2022
all.tcl:	Total	33971	Passed	30546	Skipped	3425	Failed	0
Sourced 151 Test Files.
Number of tests skipped for each constraint:
	9	!ieeeFloatingPoint
	3	asyncPipeChan
	76	bigEndian
	5	bug-3057639
	49	dde
	4	dontCopyLinks
	64	emptyTest
	58	fullutf
	2	hasIsoLocale
	1	knownBadTest
	41	knownBug
	100	localeRegexp
	9	localhost_v6
	52	longIs32bit
	14	macosxFileAttr
	82	memory
	46	nonPortable
	5	notNetworkFilesystem
	1	notValgrind
	4	nt
	1	pairsTo4bytes
	19	pkgaRequired
	20	pkguaRequired
	2	pre388
	4	readonlyAttr
	1996	serverNeeded
	1	testCPUID
	1	testWithLimit
	1	testexprparser && !ieeeFloatingPoint
	1	testwinclock
	197	thread
	21	ucs4
	2	unthreaded
	16	utf16
	2	wideBiggerThanInt
	492	win
	1	winLessThan10
	4	winVista
	6	xdev
